<UIView; frame = (0 0; 390 844); autoresize = W+H; backgroundColor = <UIDynamicSystemColor; name = systemBackgroundColor>; layer = <CALayer>>
   | <UISearchBar; frame = (8 54; 374 54.3333); text = ''; gestureRecognizers = <NSArray>; layer = <CALayer>>
   |    | <UIView; frame = (0 0; 374 54.3333); clipsToBounds = YES; autoresize = W+H; layer = <CALayer>>
   |    |    | <UISearchBarBackground; frame = (0 0; 374 54.3333); opaque = NO; userInteractionEnabled = NO; backgroundColor = <UIDynamicModifiedColor; alpha = 1, baseColor = <UIDynamicSystemColor; name = systemBackgroundColor>>; layer = <CALayer>>
   |    |    | <_UISearchBarSearchContainerView; frame = (0 0; 374 54.3333); autoresize = W; gestureRecognizers = <NSArray>; layer = <CALayer>>
   |    |    |    | <UISearchBarTextField; frame = (8 10; 358 34.3333); opaque = NO; gestureRecognizers = <NSArray>; placeholder = Search...; borderStyle = RoundedRect; background = <_UITextFieldSystemBackgroundProvider: backgroundView=<_UISearchBarSearchFieldBackgroundView; frame = (0 0; 358 34.3333); opaque = NO; autoresize = W+H; userInteractionEnabled = NO; backgroundColor = <UIDynamicSystemColor; name = tertiarySystemFillColor>; layer = <CALayer>>, fillColor=(null), textfield=<UISearchBarTextField>>; layer = <CALayer>>
   |    |    |    |    | <_UISearchBarSearchFieldBackgroundView; frame = (0 0; 358 34.3333); opaque = NO; autoresize = W+H; userInteractionEnabled = NO; backgroundColor = <UIDynamicSystemColor; name = tertiarySystemFillColor>; layer = <CALayer>>
   |    |    |    |    | <UIImageView; frame = (6 7.66667; 18.6667 17.6667); opaque = NO; userInteractionEnabled = NO; tintColor = <UIDynamicCatalogSystemColor; name = secondaryLabelColor>; layer = <CALayer>>
   |    |    |    |    | <UISearchBarTextFieldLabel; frame = (28.6667 8; 65 19.3333); text = 'Search...'; opaque = NO; userInteractionEnabled = NO; layer = <_UILabelLayer>>
   |    |    |    |    | <_UITextLayoutCanvasView; frame = (28.6667 2; 322.333 31); layer = <CALayer>>
   |    |    |    |    |    | <_UITextLayoutFragmentView; frame = (1 5.66667; 0 20); opaque = NO; layer = <CALayer>>
   | <UIStackView; frame = (16 374; 358 116.333); hidden = YES; layer = <CALayer>>
   |    | <UIImageView; frame = (149 0; 60 60); opaque = NO; userInteractionEnabled = NO; layer = <CALayer>>
   |    | <UILabel; frame = (179 92; 0 0); userInteractionEnabled = NO; backgroundColor = UIExtendedGrayColorSpace 0 0; layer = <_UILabelLayer>>
   |    | <UILabel; frame = (24 96; 310.333 20.3333); text = 'No banks found with your ...'; userInteractionEnabled = NO; backgroundColor = UIExtendedGrayColorSpace 0 0; layer = <_UILabelLayer>>
   | <UITableView; frame = (0 108.333; 390 735.667); clipsToBounds = YES; opaque = NO; autoresize = W+H; gestureRecognizers = <NSArray>; backgroundColor = <UIDynamicSystemColor; name = systemBackgroundColor>; layer = <CALayer>; contentOffset: {0, 0}; contentSize: {390, 165.0000006357829}; adjustedContentInset: {0, 0, 34, 0}; dataSource: <Adyen.DiffableListDataSource>>
   |    | <Adyen.ListCell; baseClass = UITableViewCell; frame = (0 96.6667; 390 48.3333); autoresize = W; backgroundColor = <UIDynamicSystemColor; name = systemBackgroundColor>; layer = <CALayer>>
   |    |    | <UITableViewCellContentView; frame = (0 0; 390 48.3333); gestureRecognizers = <NSArray>; layer = <CALayer>>
   |    |    |    | <Adyen.ListItemView; frame = (20 0; 350 48.3333); layer = <CALayer>>
   |    |    |    |    | <Adyen.NetworkImageView; baseClass = UIImageView; frame = (0 11.3333; 40 26); clipsToBounds = YES; userInteractionEnabled = NO; layer = <CALayer>>
   |    |    |    |    | <UIStackView; frame = (56 14.6667; 294 19.3333); layer = <CALayer>>
   |    |    |    |    |    | <UILabel; frame = (0 0; 92.3333 19.3333); text = 'Test Issuer 3'; userInteractionEnabled = NO; backgroundColor = UIExtendedGrayColorSpace 0 0; layer = <_UILabelLayer>>
   |    |    |    |    |    | <UILabel; frame = (0 19.3333; 0 0); hidden = YES; userInteractionEnabled = NO; backgroundColor = UIExtendedGrayColorSpace 0 0; layer = <_UILabelLayer>>
   |    |    |    |    | <UILabel; frame = (350 24.3333; 0 0); hidden = YES; userInteractionEnabled = NO; backgroundColor = UIExtendedGrayColorSpace 0 0; layer = <_UILabelLayer>>
   |    |    | <_UITableViewCellSeparatorView; frame = (0 48; 390 0.333333); backgroundColor = UIExtendedGrayColorSpace 0 0; layer = <CALayer>>
   |    | <Adyen.ListCell; baseClass = UITableViewCell; frame = (0 48.3333; 390 48.3333); autoresize = W; backgroundColor = <UIDynamicSystemColor; name = systemBackgroundColor>; layer = <CALayer>>
   |    |    | <UITableViewCellContentView; frame = (0 0; 390 48.3333); gestureRecognizers = <NSArray>; layer = <CALayer>>
   |    |    |    | <Adyen.ListItemView; frame = (20 0; 350 48.3333); layer = <CALayer>>
   |    |    |    |    | <Adyen.NetworkImageView; baseClass = UIImageView; frame = (0 11.3333; 40 26); clipsToBounds = YES; userInteractionEnabled = NO; layer = <CALayer>>
   |    |    |    |    | <UIStackView; frame = (56 14.6667; 294 19.3333); layer = <CALayer>>
   |    |    |    |    |    | <UILabel; frame = (0 0; 92 19.3333); text = 'Test Issuer 2'; userInteractionEnabled = NO; backgroundColor = UIExtendedGrayColorSpace 0 0; layer = <_UILabelLayer>>
   |    |    |    |    |    | <UILabel; frame = (0 19.3333; 0 0); hidden = YES; userInteractionEnabled = NO; backgroundColor = UIExtendedGrayColorSpace 0 0; layer = <_UILabelLayer>>
   |    |    |    |    | <UILabel; frame = (350 24.3333; 0 0); hidden = YES; userInteractionEnabled = NO; backgroundColor = UIExtendedGrayColorSpace 0 0; layer = <_UILabelLayer>>
   |    |    | <_UITableViewCellSeparatorView; frame = (20 48; 370 0.333333); backgroundColor = UIExtendedGrayColorSpace 0 0; layer = <CALayer>>
   |    | <Adyen.ListCell; baseClass = UITableViewCell; frame = (0 0; 390 48.3333); autoresize = W; backgroundColor = <UIDynamicSystemColor; name = systemBackgroundColor>; layer = <CALayer>>
   |    |    | <UITableViewCellContentView; frame = (0 0; 390 48.3333); gestureRecognizers = <NSArray>; layer = <CALayer>>
   |    |    |    | <Adyen.ListItemView; frame = (20 0; 350 48.3333); layer = <CALayer>>
   |    |    |    |    | <Adyen.NetworkImageView; baseClass = UIImageView; frame = (0 11.3333; 40 26); clipsToBounds = YES; userInteractionEnabled = NO; layer = <CALayer>>
   |    |    |    |    | <UIStackView; frame = (56 14.6667; 294 19.3333); layer = <CALayer>>
   |    |    |    |    |    | <UILabel; frame = (0 0; 89.6667 19.3333); text = 'Test Issuer 1'; userInteractionEnabled = NO; backgroundColor = UIExtendedGrayColorSpace 0 0; layer = <_UILabelLayer>>
   |    |    |    |    |    | <UILabel; frame = (0 19.3333; 0 0); hidden = YES; userInteractionEnabled = NO; backgroundColor = UIExtendedGrayColorSpace 0 0; layer = <_UILabelLayer>>
   |    |    |    |    | <UILabel; frame = (350 24.3333; 0 0); hidden = YES; userInteractionEnabled = NO; backgroundColor = UIExtendedGrayColorSpace 0 0; layer = <_UILabelLayer>>
   |    |    | <_UITableViewCellSeparatorView; frame = (20 48; 370 0.333333); backgroundColor = UIExtendedGrayColorSpace 0 0; layer = <CALayer>>
   |    |    | <_UITableViewCellSeparatorView; frame = (0 0; 390 0.333333); backgroundColor = UIExtendedGrayColorSpace 0 0; layer = <CALayer>>
   |    | <_UIScrollViewScrollIndicator; frame = (26.3333 695.667; 340 3); alpha = 0; autoresize = TM; layer = <CALayer>>
   |    |    | <UIView; frame = (0 0; 340 3); backgroundColor = UIExtendedGrayColorSpace 0 0.35; layer = <CALayer>>
   |    | <_UIScrollViewScrollIndicator; frame = (384 512; 3 186.667); alpha = 0; autoresize = LM; layer = <CALayer>>
   |    |    | <UIView; frame = (0 0; 3 186.667); backgroundColor = UIExtendedGrayColorSpace 0 0.35; layer = <CALayer>>