<UIView; frame = (0 0; 390 844); autoresize = W+H; backgroundColor = <UIDynamicSystemColor; name = systemBackgroundColor>; layer = <CALayer>>
   | <UISearchBar; frame = (16 47; 358 56); text = ''; gestureRecognizers = <NSArray>; layer = <CALayer>>
   |    | <UIView; frame = (0 0; 358 56); clipsToBounds = YES; autoresize = W+H; layer = <CALayer>>
   |    |    | <UISearchBarBackground; frame = (0 0; 358 56); opaque = NO; userInteractionEnabled = NO; backgroundColor = UIExtendedGrayColorSpace 1 1; layer = <CALayer>>
   |    |    | <_UISearchBarSearchContainerView; frame = (0 0; 358 56); autoresize = W; gestureRecognizers = <NSArray>; layer = <CALayer>>
   |    |    |    | <UISearchBarTextField; frame = (8 10; 342 36); opaque = NO; gestureRecognizers = <NSArray>; placeholder = Search...; borderStyle = RoundedRect; background = <_UITextFieldSystemBackgroundProvider: backgroundView=<_UISearchBarSearchFieldBackgroundView; frame = (0 0; 342 36); opaque = NO; autoresize = W+H; userInteractionEnabled = NO; backgroundColor = <UIDynamicSystemColor; name = tertiarySystemFillColor>; layer = <CALayer>>, fillColor=(null), textfield=<UISearchBarTextField>>; layer = <CALayer>>
   |    |    |    |    | <_UISearchBarSearchFieldBackgroundView; frame = (0 0; 342 36); opaque = NO; autoresize = W+H; userInteractionEnabled = NO; backgroundColor = <UIDynamicSystemColor; name = tertiarySystemFillColor>; layer = <CALayer>>
   |    |    |    |    | <UIImageView; frame = (6 8.66667; 20.3333 18.6667); opaque = NO; userInteractionEnabled = NO; tintColor = <UIDynamicCatalogSystemColor; name = secondaryLabelColor>; layer = <CALayer>>
   |    |    |    |    | <UISearchBarTextFieldLabel; frame = (30.3333 8; 68 20.3333); text = 'Search...'; opaque = NO; userInteractionEnabled = NO; layer = <_UILabelLayer>>
   |    |    |    |    | <_UITextLayoutCanvasView; frame = (30.3333 2; 304.667 32); layer = <CALayer>>
   |    |    |    |    |    | <_UITextLayoutFragmentView; frame = (1 6; 0 21); opaque = NO; layer = <CALayer>>
   |    |    |    |    |    | <UITextSelectionView; frame = (0 0; 0 0); userInteractionEnabled = NO; layer = <CALayer>>
   | <UIStackView; frame = (16 387.333; 358 116.333); hidden = YES; layer = <CALayer>>
   |    | <UIImageView; frame = (149 0; 60 60); opaque = NO; userInteractionEnabled = NO; layer = <CALayer>>
   |    | <UILabel; frame = (179 92; 0 0); userInteractionEnabled = NO; backgroundColor = UIExtendedGrayColorSpace 0 0; layer = <_UILabelLayer>>
   |    | <UILabel; frame = (24 96; 310.333 20.3333); text = 'No banks found with your ...'; userInteractionEnabled = NO; backgroundColor = UIExtendedGrayColorSpace 0 0; layer = <_UILabelLayer>>
   | <UITableView; frame = (16 105; 358 739); clipsToBounds = YES; opaque = NO; autoresize = W+H; userInteractionEnabled = NO; gestureRecognizers = <NSArray>; backgroundColor = <UIDynamicSystemColor; name = systemBackgroundColor>; layer = <CALayer>; contentOffset: {0, 0}; contentSize: {358, 164.99999936421716}; adjustedContentInset: {0, 0, 0, 0}; dataSource: <Adyen.DiffableListDataSource>>
   |    | <Adyen.ListCell; baseClass = UITableViewCell; frame = (0 96.6667; 358 48.3333); alpha = 0.3; autoresize = W; animations = { opacity=<CABasicAnimation>; }; backgroundColor = <UIDynamicSystemColor; name = systemBackgroundColor>; layer = <CALayer>>
   |    |    | <UITableViewCellContentView; frame = (0 0; 358 48.3333); gestureRecognizers = <NSArray>; layer = <CALayer>>
   |    |    |    | <Adyen.ListItemView; frame = (20 0; 318 48.3333); layer = <CALayer>>
   |    |    |    |    | <Adyen.NetworkImageView; baseClass = UIImageView; frame = (0 11.3333; 40 26); clipsToBounds = YES; userInteractionEnabled = NO; layer = <CALayer>>
   |    |    |    |    | <UIStackView; frame = (56 14; 262 20.3333); layer = <CALayer>>
   |    |    |    |    |    | <UILabel; frame = (0 0; 97 20.3333); text = 'Test Issuer 3'; userInteractionEnabled = NO; backgroundColor = UIExtendedGrayColorSpace 0 0; layer = <_UILabelLayer>>
   |    |    |    |    |    | <UILabel; frame = (0 20.3333; 0 0); hidden = YES; userInteractionEnabled = NO; backgroundColor = UIExtendedGrayColorSpace 0 0; layer = <_UILabelLayer>>
   |    |    |    |    | <UILabel; frame = (318 24.3333; 0 0); hidden = YES; userInteractionEnabled = NO; backgroundColor = UIExtendedGrayColorSpace 0 0; layer = <_UILabelLayer>>
   |    |    | <_UITableViewCellSeparatorView; frame = (0 48; 358 0.333333); backgroundColor = UIExtendedGrayColorSpace 0 0; layer = <CALayer>>
   |    | <Adyen.ListCell; baseClass = UITableViewCell; frame = (0 48.3333; 358 48.3333); alpha = 0.3; autoresize = W; animations = { opacity=<CABasicAnimation>; }; backgroundColor = <UIDynamicSystemColor; name = systemBackgroundColor>; layer = <CALayer>>
   |    |    | <UITableViewCellContentView; frame = (0 0; 358 48.3333); gestureRecognizers = <NSArray>; layer = <CALayer>>
   |    |    |    | <Adyen.ListItemView; frame = (20 0; 318 48.3333); layer = <CALayer>>
   |    |    |    |    | <Adyen.NetworkImageView; baseClass = UIImageView; frame = (0 11.3333; 40 26); clipsToBounds = YES; userInteractionEnabled = NO; layer = <CALayer>>
   |    |    |    |    | <UIStackView; frame = (56 14; 262 20.3333); layer = <CALayer>>
   |    |    |    |    |    | <UILabel; frame = (0 0; 96.3333 20.3333); text = 'Test Issuer 2'; userInteractionEnabled = NO; backgroundColor = UIExtendedGrayColorSpace 0 0; layer = <_UILabelLayer>>
   |    |    |    |    |    | <UILabel; frame = (0 20.3333; 0 0); hidden = YES; userInteractionEnabled = NO; backgroundColor = UIExtendedGrayColorSpace 0 0; layer = <_UILabelLayer>>
   |    |    |    |    | <UILabel; frame = (318 24.3333; 0 0); hidden = YES; userInteractionEnabled = NO; backgroundColor = UIExtendedGrayColorSpace 0 0; layer = <_UILabelLayer>>
   |    |    | <_UITableViewCellSeparatorView; frame = (20 48; 338 0.333333); backgroundColor = UIExtendedGrayColorSpace 0 0; layer = <CALayer>>
   |    | <Adyen.ListCell; baseClass = UITableViewCell; frame = (0 0; 358 48.3333); autoresize = W; backgroundColor = <UIDynamicSystemColor; name = systemBackgroundColor>; layer = <CALayer>>
   |    |    | <UITableViewCellContentView; frame = (0 0; 318 48.3333); gestureRecognizers = <NSArray>; layer = <CALayer>>
   |    |    |    | <Adyen.ListItemView; frame = (20 0; 290 48.3333); layer = <CALayer>>
   |    |    |    |    | <Adyen.NetworkImageView; baseClass = UIImageView; frame = (0 11.3333; 40 26); clipsToBounds = YES; userInteractionEnabled = NO; layer = <CALayer>>
   |    |    |    |    | <UIStackView; frame = (56 14; 234 20.3333); layer = <CALayer>>
   |    |    |    |    |    | <UILabel; frame = (0 0; 94 20.3333); text = 'Test Issuer 1'; userInteractionEnabled = NO; backgroundColor = UIExtendedGrayColorSpace 0 0; layer = <_UILabelLayer>>
   |    |    |    |    |    | <UILabel; frame = (0 20.3333; 0 0); hidden = YES; userInteractionEnabled = NO; backgroundColor = UIExtendedGrayColorSpace 0 0; layer = <_UILabelLayer>>
   |    |    |    |    | <UILabel; frame = (290 24.3333; 0 0); hidden = YES; userInteractionEnabled = NO; backgroundColor = UIExtendedGrayColorSpace 0 0; layer = <_UILabelLayer>>
   |    |    | <_UITableViewCellSeparatorView; frame = (20 48; 338 0.333333); backgroundColor = UIExtendedGrayColorSpace 0 0; layer = <CALayer>>
   |    |    | <_UITableViewCellSeparatorView; frame = (0 0; 358 0.333333); backgroundColor = UIExtendedGrayColorSpace 0 0; layer = <CALayer>>
   |    |    | <UIActivityIndicatorView; frame = (318 14; 20 20); layer = <CALayer>>
   |    |    |    | <UIImageView; frame = (0 0; 20 20); opaque = NO; userInteractionEnabled = NO; animations = { contents=<CAKeyframeAnimation>; contentsMultiplyColor=<CAKeyframeAnimation>; }; layer = <CALayer>>
   |    | <_UIScrollViewScrollIndicator; frame = (3 733; 352 3); alpha = 0; autoresize = TM; layer = <CALayer>>
   |    |    | <UIView; frame = (0 0; 352 3); backgroundColor = UIExtendedGrayColorSpace 0 0.35; layer = <CALayer>>
   |    | <_UIScrollViewScrollIndicator; frame = (352 536.333; 3 199.667); alpha = 0; autoresize = LM; layer = <CALayer>>
   |    |    | <UIView; frame = (0 0; 3 199.667); backgroundColor = UIExtendedGrayColorSpace 0 0.35; layer = <CALayer>>