<UIView; frame = (0 0; 390 844); autoresize = W+H; backgroundColor = <UIDynamicSystemColor; name = systemBackgroundColor>; layer = <CALayer>>
   | <UIView; frame = (0 47; 390 763); autoresize = W+H; backgroundColor = <UIDynamicSystemColor; name = systemBackgroundColor>; layer = <CALayer>>
   |    | <Adyen.FormView; baseClass = UIScrollView; frame = (0 0; 390 763); clipsToBounds = YES; gestureRecognizers = <NSArray>; backgroundColor = <UIDynamicSystemColor; name = systemBackgroundColor>; layer = <CALayer>; contentOffset: {0, 0}; contentSize: {390, 226}; adjustedContentInset: {0, 0, 0, 0}>
   |    |    | <UIStackView; frame = (0 0; 390 226); layer = <CALayer>>
   |    |    |    | <Adyen.FormSpacerItemView; frame = (0 0; 390 16); layer = <CALayer>>
   |    |    |    |    | <UIStackView; frame = (16 0; 358 16); userInteractionEnabled = NO; layer = <CALayer>>
   |    |    |    |    |    | <UIView; frame = (179 0; 0 8); layer = <CALayer>>
   |    |    |    |    |    |    | <UIView; frame = (0 8; 0 0); layer = <CALayer>>
   |    |    |    |    |    | <UIView; frame = (179 8; 0 8); layer = <CALayer>>
   |    |    |    |    |    |    | <UIView; frame = (0 8; 0 0); layer = <CALayer>>
   |    |    |    | <Adyen.FormIssuersPickerItemView; frame = (0 16; 390 56.3333); gestureRecognizers = <NSArray>; backgroundColor = UIExtendedGrayColorSpace 0 0; layer = <CALayer>>
   |    |    |    |    | <UIStackView; frame = (0 0; 390 56.3333); layer = <CALayer>>
   |    |    |    |    |    | <UILabel; frame = (16 8; 358 14.3333); text = 'Bank'; userInteractionEnabled = NO; backgroundColor = UIExtendedGrayColorSpace 0 0; layer = <_UILabelLayer>>
   |    |    |    |    |    | <Adyen.BasePickerInputControl; baseClass = UIControl; frame = (16 28; 358 20.3333); layer = <CALayer>>
   |    |    |    |    |    |    | <UIStackView; frame = (0 0; 352 19.3333); userInteractionEnabled = NO; layer = <CALayer>>
   |    |    |    |    |    |    |    | <UILabel; frame = (0 0; 333 19.3333); text = 'Apple Pay'; userInteractionEnabled = NO; backgroundColor = UIExtendedGrayColorSpace 0 0; layer = <_UILabelLayer>>
   |    |    |    |    |    |    |    | <UIImageView; frame = (339 5.66667; 13 8.33333); opaque = NO; userInteractionEnabled = NO; layer = <CALayer>>
   |    |    |    |    | <UIView; frame = (16 55.3333; 374 1); userInteractionEnabled = NO; backgroundColor = <UIDynamicSystemColor; name = separatorColor>; layer = <CALayer>>
   |    |    |    | <Adyen.FormSpacerItemView; frame = (0 72.3333; 390 32); layer = <CALayer>>
   |    |    |    |    | <UIStackView; frame = (16 0; 358 32); userInteractionEnabled = NO; layer = <CALayer>>
   |    |    |    |    |    | <UIView; frame = (179 0; 0 8); layer = <CALayer>>
   |    |    |    |    |    |    | <UIView; frame = (0 8; 0 0); layer = <CALayer>>
   |    |    |    |    |    | <UIView; frame = (179 8; 0 8); layer = <CALayer>>
   |    |    |    |    |    |    | <UIView; frame = (0 8; 0 0); layer = <CALayer>>
   |    |    |    |    |    | <UIView; frame = (179 16; 0 8); layer = <CALayer>>
   |    |    |    |    |    |    | <UIView; frame = (0 8; 0 0); layer = <CALayer>>
   |    |    |    |    |    | <UIView; frame = (179 24; 0 8); layer = <CALayer>>
   |    |    |    |    |    |    | <UIView; frame = (0 8; 0 0); layer = <CALayer>>
   |    |    |    | <_TtCC5Adyen17FormContainerItemP33_6CC626EA3D8ECC5BCCC946E678B5BDA817FormContainerView; frame = (0 104.333; 390 31.6667); layer = <CALayer>>
   |    |    |    |    | <Adyen.ADYLabel; baseClass = UILabel; frame = (16 8; 358 15.6667); text = 'By continuing you agree w...'; gestureRecognizers = <NSArray>; backgroundColor = UIExtendedGrayColorSpace 0 0; layer = <_UILabelLayer>>
   |    |    |    | <Adyen.FormSpacerItemView; frame = (0 136; 390 8); layer = <CALayer>>
   |    |    |    |    | <UIStackView; frame = (16 0; 358 8); userInteractionEnabled = NO; layer = <CALayer>>
   |    |    |    |    |    | <UIView; frame = (179 0; 0 8); layer = <CALayer>>
   |    |    |    |    |    |    | <UIView; frame = (0 8; 0 0); layer = <CALayer>>
   |    |    |    | <Adyen.FormButtonItemView; frame = (0 144; 390 66); backgroundColor = UIExtendedGrayColorSpace 0 0; layer = <CALayer>>
   |    |    |    |    | <Adyen.SubmitButton; baseClass = UIControl; frame = (16 8; 358 50); backgroundColor = UIExtendedSRGBColorSpace 0 0.478431 1 1; layer = <CALayer>>
   |    |    |    |    |    | <_TtCC5Adyen12SubmitButton14BackgroundView; frame = (0 0; 358 50); clipsToBounds = YES; userInteractionEnabled = NO; backgroundColor = UIExtendedSRGBColorSpace 0 0.478431 1 1; layer = <CALayer>>
   |    |    |    |    |    | <UIActivityIndicatorView; frame = (169 15; 20 20); backgroundColor = UIExtendedGrayColorSpace 0 0; layer = <CALayer>>
   |    |    |    |    |    |    | <UIImageView; frame = (0 0; 20 20); opaque = NO; userInteractionEnabled = NO; animations = { contents=<CAKeyframeAnimation>; contentsMultiplyColor=<CAKeyframeAnimation>; }; layer = <CALayer>>
   |    |    |    |    |    | <UILabel; frame = (0 0; 358 50); text = 'Continue'; alpha = 0; userInteractionEnabled = NO; backgroundColor = UIExtendedGrayColorSpace 0 0; layer = <_UILabelLayer>>
   |    |    |    | <Adyen.FormSpacerItemView; frame = (0 210; 390 16); layer = <CALayer>>
   |    |    |    |    | <UIStackView; frame = (16 0; 358 16); userInteractionEnabled = NO; layer = <CALayer>>
   |    |    |    |    |    | <UIView; frame = (179 0; 0 8); layer = <CALayer>>
   |    |    |    |    |    |    | <UIView; frame = (0 8; 0 0); layer = <CALayer>>
   |    |    |    |    |    | <UIView; frame = (179 8; 0 8); layer = <CALayer>>
   |    |    |    |    |    |    | <UIView; frame = (0 8; 0 0); layer = <CALayer>>
   |    |    | <_UIScrollViewScrollIndicator; frame = (384 -39; 3 36); alpha = 0; autoresize = LM; layer = <CALayer>>
   |    |    |    | <UIView; frame = (0 0; 3 36); backgroundColor = UIExtendedGrayColorSpace 0 0.35; layer = <CALayer>>
   |    |    | <_UIScrollViewScrollIndicator; frame = (-39 757; 36 3); alpha = 0; autoresize = TM; layer = <CALayer>>
   |    |    |    | <UIView; frame = (0 0; 36 3); backgroundColor = UIExtendedGrayColorSpace 0 0.35; layer = <CALayer>>